❯ ./obj_dir/VTop --perfc --device-tree=test_programs/linux/device_tree.dtb --backup-file=soomrv.1.backup test_programs/linux/linux_image.elf

OpenSBI v1.2
   ____                    _____ ____ _____
  / __ \                  / ____|  _ \_   _|
 | |  | |_ __   ___ _ __ | (___ | |_) || |
 | |  | | '_ \ / _ \ '_ \ \___ \|  _ < | |
 | |__| | |_) |  __/ | | |____) | |_) || |_
  \____/| .__/ \___|_| |_|_____/|___/_____|
        | |
        |_|

Platform Name             : platform-name
Platform Features         : medeleg
Platform HART Count       : 1
Platform IPI Device       : aclint-mswi
Platform Timer Device     : aclint-mtimer @ 1000000Hz
Platform Console Device   : uart8250
Platform HSM Device       : ---
Platform PMU Device       : ---
Platform Reboot Device    : ---
Platform Shutdown Device  : ---
Platform Suspend Device   : ---
Platform CPPC Device      : ---
Firmware Base             : 0x80000000
Firmware Size             : 192 KB
Firmware RW Offset        : 0x20000
Runtime SBI Version       : 1.0

Domain0 Name              : root
Domain0 Boot HART         : 0
Domain0 HARTs             : 0*
Domain0 Region00          : 0x11008000-0x1100bfff M: (I,R,W) S/U: ()
Domain0 Region01          : 0x11000000-0x11007fff M: (I,R,W) S/U: ()
Domain0 Region02          : 0x80020000-0x8002ffff M: (R,W) S/U: ()
Domain0 Region03          : 0x80000000-0x8001ffff M: (R,X) S/U: ()
Domain0 Region04          : 0x00000000-0xffffffff M: (R,W,X) S/U: (R,W,X)
Domain0 Next Address      : 0x80400000
Domain0 Next Arg1         : 0x82200000
Domain0 Next Mode         : S-mode
Domain0 SysReset          : yes
Domain0 SysSuspend        : yes

Boot HART ID              : 0
Boot HART Domain          : root
Boot HART Priv Version    : v1.12
Boot HART Base ISA        : rv32imacx
Boot HART ISA Extensions  : time
Boot HART PMP Count       : 0
Boot HART PMP Granularity : 0
Boot HART PMP Address Bits: 0
Boot HART MHPM Count      : 0
Boot HART MIDELEG         : 0x00000222
Boot HART MEDELEG         : 0x0000b109
[    0.000000] Linux version 6.19.5 (zoomin@clstilmldy) (riscv32-buildroot-linux-gnu-gcc.br_real (Buildroot -g5aa438e-dirty) 14.3.0, GNU ld (GNU Binutils) 2.44) #2 Fri Mar  6 23:00:43 CST 2026
[    0.000000] OF: fdt: Ignoring memory range 0x80000000 - 0x80400000
[    0.000000] Machine model: riscv-minimal
[    0.000000] SBI specification v1.0 detected
[    0.000000] SBI implementation ID=0x1 Version=0x10002
[    0.000000] SBI TIME extension detected
[    0.000000] SBI IPI extension detected
[    0.000000] SBI RFENCE extension detected
[    0.000000] earlycon: uart8250 at MMIO 0x10000000 (options '1000000')
[    0.000000] printk: legacy bootconsole [uart8250] enabled
cycles:             8476988
instret:            8388610 # 0.989574 IPC
mispredicts:        120828 # 14.403817 MPKI
branch mispredicts: 10921 # 0.715034%
branches:           1527340
frontend stalled:   7944560 # 23.429784%
backend stalled:    11608769 # 34.236125%
store stalled:      1196791 # 3.529529%
load stalled:       4703493 # 13.871357%
ROB stalled:        82100 # 0.242126%
 109594 # 91 ORD |    5859 #  5 BTK |    4629 #  4 BNT
      5 #  0 RET |     691 #  1 IBR |      50 #  0 MEM
[    0.000000] OF: reserved mem: Reserved memory: No reserved-memory node in the DT
[    0.000000] Zone ranges:
[    0.000000]   Normal   [mem 0x0000000080400000-0x000000008fffffff]
[    0.000000] Movable zone start for each node
[    0.000000] Early memory node ranges
[    0.000000]   node   0: [mem 0x0000000080400000-0x000000008fffffff]
[    0.000000] Initmem setup node 0 [mem 0x0000000080400000-0x000000008fffffff]
cycles:             3972544
instret:            8388609 # 2.111647 IPC
mispredicts:        21972 # 2.619266 MPKI
branch mispredicts: 2068 # 0.146273%
branches:           1413795
frontend stalled:   1507247 # 9.485402%
backend stalled:    3508194 # 22.077754%
store stalled:      1090679 # 6.863857%
load stalled:       902379 # 5.678848%
ROB stalled:        493068 # 3.102974%
  19850 # 90 ORD |     934 #  4 BTK |     694 #  3 BNT
      1 #  0 RET |     479 #  2 IBR |      14 #  0 MEM
[    0.000000] On node 0, zone Normal: 1024 pages in unavailable ranges
[    0.000000] Falling back to deprecated "riscv,isa"
[    0.000000] riscv: base ISA extensions acim
[    0.000000] riscv: ELF capabilities acim
[    0.000000] Ticket spinlock: enabled
[    0.000000] Kernel command line: earlycon=uart8250,mmio,0x10000000,1000000 console=ttyS0
[    0.000000] printk: log buffer data + meta data: 131072 + 409600 = 540672 bytes
[    0.000000] Dentry cache hash table entries: 32768 (order: 5, 131072 bytes, linear)
[    0.000000] Inode-cache hash table entries: 16384 (order: 4, 65536 bytes, linear)
[    0.000000] Virtual kernel memory layout:
[    0.000000]       fixmap : 0x9c800000 - 0x9d000000   (8192 kB)
[    0.000000]       pci io : 0x9d000000 - 0x9e000000   (  16 MB)
[    0.000000]      vmemmap : 0x9e000000 - 0xa0000000   (  32 MB)
[    0.000000]      vmalloc : 0xa0000000 - 0xc0000000   ( 512 MB)
[    0.000000]       lowmem : 0xc0000000 - 0xcfc00000   ( 252 MB)
[    0.000000] Built 1 zonelists, mobility grouping on.  Total pages: 64512
[    0.000000] mem auto-init: stack:off, heap alloc:off, heap free:off
[    0.000000] SLUB: HWalign=64, Order=0-3, MinObjects=0, CPUs=1, Nodes=1
[    0.000000] RCU Tasks Trace: Setting shift to 0 and lim to 1 rcu_task_cb_adjust=1 rcu_task_cpu_ids=1.
[    0.000000] NR_IRQS: 64, nr_irqs: 64, preallocated irqs: 0
[    0.000000] riscv-intc: 32 local interrupts mapped
[    0.000000] clocksource: riscv_clocksource: mask: 0xffffffffffffffff max_cycles: 0x99c0f5e04, max_idle_ns: 440795204113 ns
[    0.000015] sched_clock: 64 bits at 42MHz, resolution 24ns, wraps every 4398046511097ns
[    0.002052] Console: colour dummy device 80x25
[    0.002791] Calibrating delay loop (skipped), value calculated using timer frequency.. 83.33 BogoMIPS (lpj=416666)
[    0.003268] pid_max: default: 32768 minimum: 301
[    0.007017] Mount-cache hash table entries: 1024 (order: 0, 4096 bytes, linear)
[    0.007431] Mountpoint-cache hash table entries: 1024 (order: 0, 4096 bytes, linear)
[    0.032174] ASID allocator disabled (0 bits)
[    0.036549] Memory: 224856K/258048K available (4276K kernel code, 7700K rwdata, 4096K rodata, 9313K init, 222K bss, 32580K reserved, 0K cma-reserved)
[    0.042583] devtmpfs: initialized
[    0.064482] clocksource: jiffies: mask: 0xffffffff max_cycles: 0xffffffff, max_idle_ns: 19112604462750000 ns
[    0.065100] posixtimers hash table entries: 512 (order: 2, 10240 bytes, linear)
[    0.065693] futex hash table entries: 256 (8192 bytes on 1 NUMA nodes, total 8 KiB, linear).
[    0.074034] cpuidle: using governor menu
cycles:             7240667
instret:            8388608 # 1.158541 IPC
mispredicts:        109162 # 13.013124 MPKI
branch mispredicts: 49550 # 3.579732%
branches:           1384182
frontend stalled:   6741143 # 23.275283%
backend stalled:    7902116 # 27.283799%
store stalled:      2201478 # 7.601088%
load stalled:       3302451 # 11.402441%
ROB stalled:        422872 # 1.460059%
  57987 # 53 ORD |   20633 # 19 BTK |   14851 # 14 BNT
    331 #  0 RET |   14765 # 14 IBR |     595 #  1 MEM
[    0.203765] cpu0: Ratio of byte access time to unaligned word access is 0.00, unaligned accesses are slow
[    0.234938] HugeTLB: registered 4.00 MiB page size, pre-allocated 0 pages
[    0.235278] HugeTLB: 0 KiB vmemmap can be freed for a 4.00 MiB page
[    0.248344] SCSI subsystem initialized
[    0.251984] clocksource: Switched to clocksource riscv_clocksource
cycles:             8961690
instret:            8388611 # 0.936052 IPC
mispredicts:        122119 # 14.557714 MPKI
branch mispredicts: 56990 # 5.540088%
branches:           1028684
frontend stalled:   8753998 # 24.420612%
backend stalled:    10152457 # 28.321826%
store stalled:      3707006 # 10.341258%
load stalled:       4544803 # 12.678421%
ROB stalled:        295720 # 0.824956%
  62574 # 51 ORD |   22208 # 18 BTK |   15577 # 13 BNT
    539 #  0 RET |   20006 # 16 IBR |    1215 #  1 MEM
[    0.449654] workingset: timestamp_bits=14 max_order=16 bucket_order=2
[    0.468277] Block layer SCSI generic (bsg) driver version 0.4 loaded (major 253)
[    0.468641] io scheduler mq-deadline registered
[    0.468909] io scheduler kyber registered
[    0.469605] io scheduler bfq registered
cycles:             8778826
instret:            8388610 # 0.955550 IPC
mispredicts:        128047 # 15.264388 MPKI
branch mispredicts: 114073 # 8.024347%
branches:           1421586
frontend stalled:   8704467 # 24.788243%
backend stalled:    10003475 # 28.487508%
store stalled:      2957397 # 8.421960%
load stalled:       4427957 # 12.609764%
ROB stalled:        633335 # 1.803587%
  10499 #  8 ORD |   50990 # 40 BTK |   42345 # 33 BNT
    713 #  1 RET |   22065 # 17 IBR |    1435 #  1 MEM
cycles:             8305811
instret:            8388608 # 1.009969 IPC
mispredicts:        141950 # 16.921759 MPKI
branch mispredicts: 131027 # 8.676440%
branches:           1510147
frontend stalled:   7835033 # 23.582986%
backend stalled:    9544746 # 28.729121%
store stalled:      2533045 # 7.624316%
load stalled:       4079471 # 12.278966%
ROB stalled:        842282 # 2.535219%
   7854 #  6 ORD |   62774 # 44 BTK |   53110 # 37 BNT
    633 #  0 RET |   16429 # 12 IBR |    1150 #  1 MEM
cycles:             8207542
instret:            8388608 # 1.022061 IPC
mispredicts:        154961 # 18.472791 MPKI
branch mispredicts: 144742 # 9.548904%
branches:           1515797
frontend stalled:   7722455 # 23.522435%
backend stalled:    9519662 # 28.996690%
store stalled:      2433242 # 7.411604%
load stalled:       3974903 # 12.107471%
ROB stalled:        791239 # 2.410097%
   7001 #  5 ORD |   69435 # 45 BTK |   61873 # 40 BNT
    593 #  0 RET |   14945 # 10 IBR |    1114 #  1 MEM
cycles:             8855618
instret:            8388608 # 0.947264 IPC
mispredicts:        117075 # 13.956428 MPKI
branch mispredicts: 101035 # 8.202844%
branches:           1231707
frontend stalled:   9162743 # 25.867034%
backend stalled:    9878218 # 27.886868%
store stalled:      3136703 # 8.855122%
load stalled:       4431638 # 12.510810%
ROB stalled:        424500 # 1.198392%
  12647 # 11 ORD |   39428 # 34 BTK |   36882 # 32 BNT
    807 #  1 RET |   25815 # 22 IBR |    1496 #  1 MEM
cycles:             9112982
instret:            8388608 # 0.920512 IPC
mispredicts:        124348 # 14.823437 MPKI
branch mispredicts: 107416 # 8.331058%
branches:           1289344
frontend stalled:   9624702 # 26.403821%
backend stalled:    10205144 # 27.996171%
store stalled:      3153003 # 8.649756%
load stalled:       4525736 # 12.415629%
ROB stalled:        554669 # 1.521645%
  13389 # 11 ORD |   44101 # 35 BTK |   37699 # 30 BNT
    896 #  1 RET |   26671 # 21 IBR |    1592 #  1 MEM
cycles:             7998201
instret:            8388608 # 1.048812 IPC
mispredicts:        132743 # 15.824199 MPKI
branch mispredicts: 122349 # 8.560328%
branches:           1429256
frontend stalled:   7522712 # 23.513763%
backend stalled:    9139175 # 28.566346%
store stalled:      2509967 # 7.845411%
load stalled:       3818611 # 11.935843%
ROB stalled:        613674 # 1.918163%
   7582 #  6 ORD |   54396 # 41 BTK |   52675 # 40 BNT
    666 #  1 RET |   16306 # 12 IBR |    1118 #  1 MEM
cycles:             8114554
instret:            8388609 # 1.033773 IPC
mispredicts:        140162 # 16.708610 MPKI
branch mispredicts: 130041 # 8.660584%
branches:           1501527
frontend stalled:   7549348 # 23.258666%
backend stalled:    9348790 # 28.802538%
store stalled:      2421802 # 7.461291%
load stalled:       3942050 # 12.144999%
ROB stalled:        807559 # 2.487996%
   7329 #  5 ORD |   61413 # 44 BTK |   54322 # 39 BNT
    575 #  0 RET |   15427 # 11 IBR |    1096 #  1 MEM
cycles:             7985218
instret:            8388609 # 1.050517 IPC
mispredicts:        149202 # 17.786262 MPKI
branch mispredicts: 139890 # 9.139278%
branches:           1530646
frontend stalled:   7317491 # 22.909490%
backend stalled:    9247682 # 28.952503%
store stalled:      2281545 # 7.143027%
load stalled:       3850417 # 12.054827%
ROB stalled:        855071 # 2.677043%
   6566 #  4 ORD |   66880 # 45 BTK |   60329 # 40 BNT
    541 #  0 RET |   13907 #  9 IBR |     979 #  1 MEM

