❯ ./obj_dir/VTop --perfc --device-tree=test_programs/linux/device_tree.dtb --backup-file=soomrv.backup test_programs/linux.bak/linux_image.elf

OpenSBI v1.2
   ____                    _____ ____ _____
  / __ \                  / ____|  _ \_   _|
 | |  | |_ __   ___ _ __ | (___ | |_) || |
 | |  | | '_ \ / _ \ '_ \ \___ \|  _ < | |
 | |__| | |_) |  __/ | | |____) | |_) || |_
  \____/| .__/ \___|_| |_|_____/|___/_____|
        | |
        |_|

Platform Name             : platform-name
Platform Features         : medeleg
Platform HART Count       : 1
Platform IPI Device       : aclint-mswi
Platform Timer Device     : aclint-mtimer @ 1000000Hz
Platform Console Device   : uart8250
Platform HSM Device       : ---
Platform PMU Device       : ---
Platform Reboot Device    : ---
Platform Shutdown Device  : ---
Platform Suspend Device   : ---
Platform CPPC Device      : ---
Firmware Base             : 0x80000000
Firmware Size             : 192 KB
Firmware RW Offset        : 0x20000
Runtime SBI Version       : 1.0

Domain0 Name              : root
Domain0 Boot HART         : 0
Domain0 HARTs             : 0*
Domain0 Region00          : 0x11008000-0x1100bfff M: (I,R,W) S/U: ()
Domain0 Region01          : 0x11000000-0x11007fff M: (I,R,W) S/U: ()
Domain0 Region02          : 0x80020000-0x8002ffff M: (R,W) S/U: ()
Domain0 Region03          : 0x80000000-0x8001ffff M: (R,X) S/U: ()
Domain0 Region04          : 0x00000000-0xffffffff M: (R,W,X) S/U: (R,W,X)
Domain0 Next Address      : 0x80400000
Domain0 Next Arg1         : 0x82200000
Domain0 Next Mode         : S-mode
Domain0 SysReset          : yes
Domain0 SysSuspend        : yes

Boot HART ID              : 0
Boot HART Domain          : root
Boot HART Priv Version    : v1.12
Boot HART Base ISA        : rv32imacx
Boot HART ISA Extensions  : time
Boot HART PMP Count       : 0
Boot HART PMP Granularity : 0
Boot HART PMP Address Bits: 0
Boot HART MHPM Count      : 0
Boot HART MIDELEG         : 0x00000222
Boot HART MEDELEG         : 0x0000b109
[    0.000000] Linux version 6.3.4 (m@m-desktop) (riscv32-buildroot-linux-gnu-gcc.br_real (Buildroot -gdaf764f-dirty) 11.3.0, GNU ld (GNU Binutils) 2.38) #4 Wed Nov 22 21:12:23 CET 2023
[    0.000000] OF: fdt: Ignoring memory range 0x80000000 - 0x80400000
[    0.000000] Machine model: riscv-minimal
[    0.000000] earlycon: uart8250 at MMIO 0x10000000 (options '1000000')
[    0.000000] printk: bootconsole [uart8250] enabled
[    0.000000] Zone ranges:
[    0.000000]   Normal   [mem 0x0000000080400000-0x000000008fffffff]
[    0.000000] Movable zone start for each node
[    0.000000] Early memory node ranges
[    0.000000]   node   0: [mem 0x0000000080400000-0x000000008fffffff]
[    0.000000] Initmem setup node 0 [mem 0x0000000080400000-0x000000008fffffff]
[    0.000000] On node 0, zone Normal: 1024 pages in unavailable ranges
[    0.000000] SBI specification v1.0 detected
[    0.000000] SBI implementation ID=0x1 Version=0x10002
[    0.000000] SBI TIME extension detected
[    0.000000] SBI IPI extension detected
[    0.000000] SBI RFENCE extension detected
[    0.000000] riscv: base ISA extensions acim
[    0.000000] riscv: ELF capabilities acim
[    0.000000] Built 1 zonelists, mobility grouping on.  Total pages: 63945
[    0.000000] Kernel command line: earlycon=uart8250,mmio,0x10000000,1000000 console=ttyS0
[    0.000000] Dentry cache hash table entries: 32768 (order: 5, 131072 bytes, linear)
[    0.000000] Inode-cache hash table entries: 16384 (order: 4, 65536 bytes, linear)
[    0.000000] mem auto-init: stack:off, heap alloc:off, heap free:off
cycles:             3595373
instret:            8388610 # 2.333168 IPC
mispredicts:        13021 # 1.552224 MPKI
branch mispredicts: 11781 # 0.745718%
branches:           1579819
frontend stalled:   466150 # 3.241319%
backend stalled:    2530604 # 17.596255%
store stalled:      1751731 # 12.180454%
load stalled:       339717 # 2.362182%
ROB stalled:        921048 # 6.404398%
    972 #  7 ORD |    5904 # 45 BTK |    4452 # 34 BNT
      3 #  0 RET |    1647 # 13 IBR |      43 #  0 MEM
[    0.000000] Virtual kernel memory layout:
[    0.000000]       fixmap : 0x9c800000 - 0x9d000000   (8192 kB)
[    0.000000]       pci io : 0x9d000000 - 0x9e000000   (  16 MB)
[    0.000000]      vmemmap : 0x9e000000 - 0xa0000000   (  32 MB)
[    0.000000]      vmalloc : 0xa0000000 - 0xc0000000   ( 512 MB)
[    0.000000]       lowmem : 0xc0000000 - 0xcfc00000   ( 252 MB)
[    0.000000] Memory: 230072K/258048K available (3530K kernel code, 6869K rwdata, 4096K rodata, 10116K init, 253K bss, 27976K reserved, 0K cma-reserved)
[    0.000000] SLUB: HWalign=64, Order=0-3, MinObjects=0, CPUs=1, Nodes=1
[    0.000000] NR_IRQS: 64, nr_irqs: 64, preallocated irqs: 0
[    0.000000] riscv-intc: 32 local interrupts mapped
[    0.000000] riscv-timer: riscv_timer_init_dt: Registering clocksource cpuid [0] hartid [0]
[    0.000000] clocksource: riscv_clocksource: mask: 0xffffffffffffffff max_cycles: 0x99c0f5e04, max_idle_ns: 440795204113 ns
[    0.000010] sched_clock: 64 bits at 42MHz, resolution 24ns, wraps every 4398046511097ns
[    0.001799] Console: colour dummy device 80x25
[    0.002255] Calibrating delay loop (skipped), value calculated using timer frequency.. 83.33 BogoMIPS (lpj=416666)
[    0.002597] pid_max: default: 32768 minimum: 301
[    0.003830] LSM: initializing lsm=capability,integrity
[    0.004754] Mount-cache hash table entries: 1024 (order: 0, 4096 bytes, linear)
[    0.005067] Mountpoint-cache hash table entries: 1024 (order: 0, 4096 bytes, linear)
[    0.017828] cblist_init_generic: Setting adjustable number of callback queues.
[    0.018073] cblist_init_generic: Setting shift to 0 and lim to 1.
[    0.019066] ASID allocator disabled (0 bits)
[    0.023146] devtmpfs: initialized
[    0.029563] clocksource: jiffies: mask: 0xffffffff max_cycles: 0xffffffff, max_idle_ns: 19112604462750000 ns
[    0.029927] futex hash table entries: 256 (order: 0, 7168 bytes, linear)
[    0.034213] cpuidle: using governor menu
[    0.047664] HugeTLB: registered 4.00 MiB page size, pre-allocated 0 pages
[    0.047908] HugeTLB: 0 KiB vmemmap can be freed for a 4.00 MiB page
[    0.055669] SCSI subsystem initialized
[    0.057421] clocksource: Switched to clocksource riscv_clocksource
cycles:             5789406
instret:            8388610 # 1.448959 IPC
mispredicts:        87007 # 10.372040 MPKI
branch mispredicts: 71374 # 5.193556%
branches:           1374280
frontend stalled:   4105337 # 17.727799%
backend stalled:    5855797 # 25.286692%
store stalled:      2072892 # 8.951229%
load stalled:       2108141 # 9.103443%
ROB stalled:        626819 # 2.706750%
  13562 # 16 ORD |   25406 # 29 BTK |   19370 # 22 BNT
    663 #  1 RET |   27468 # 32 IBR |     538 #  1 MEM
[    0.151178] workingset: timestamp_bits=14 max_order=16 bucket_order=2
[    0.158694] Block layer SCSI generic (bsg) driver version 0.4 loaded (major 253)
[    0.158957] io scheduler mq-deadline registered
[    0.159142] io scheduler kyber registered
[    0.159703] io scheduler bfq registered
cycles:             6491810
instret:            8388608 # 1.292183 IPC
mispredicts:        119158 # 14.204741 MPKI
branch mispredicts: 106690 # 8.072204%
branches:           1321696
frontend stalled:   4775162 # 18.389178%
backend stalled:    7192811 # 27.699559%
store stalled:      2102765 # 8.097761%
load stalled:       2857656 # 11.004851%
ROB stalled:        650209 # 2.503959%
  10737 #  9 ORD |   40355 # 34 BTK |   43531 # 37 BNT
    700 #  1 RET |   23370 # 20 IBR |     465 #  0 MEM
cycles:             6509607
instret:            8388609 # 1.288651 IPC
mispredicts:        113489 # 13.528941 MPKI
branch mispredicts: 102096 # 7.832451%
branches:           1303500
frontend stalled:   4642229 # 17.828377%
backend stalled:    7230547 # 27.768754%
store stalled:      2102078 # 8.072984%
load stalled:       2980006 # 11.444646%
ROB stalled:        694927 # 2.668852%
  10023 #  9 ORD |   37033 # 33 BTK |   41960 # 37 BNT
    775 #  1 RET |   23239 # 20 IBR |     459 #  0 MEM
cycles:             6472577
instret:            8388608 # 1.296023 IPC
mispredicts:        107497 # 12.814641 MPKI
branch mispredicts: 95352 # 7.518297%
branches:           1268266
frontend stalled:   4595667 # 17.750530%
backend stalled:    7180259 # 27.733386%
store stalled:      2158649 # 8.337672%
load stalled:       2922404 # 11.287637%
ROB stalled:        644691 # 2.490086%
  10667 # 10 ORD |   33469 # 31 BTK |   37363 # 35 BNT
    765 #  1 RET |   24772 # 23 IBR |     461 #  0 MEM
cycles:             6492776
instret:            8388608 # 1.291991 IPC
mispredicts:        109313 # 13.031125 MPKI
branch mispredicts: 97079 # 7.755778%
branches:           1251699
frontend stalled:   4671928 # 17.988946%
backend stalled:    7219637 # 27.798730%
store stalled:      2203539 # 8.484580%
load stalled:       2895963 # 11.150712%
ROB stalled:        591397 # 2.277135%
  10724 # 10 ORD |   35316 # 32 BTK |   36975 # 34 BNT
    791 #  1 RET |   25017 # 23 IBR |     490 #  0 MEM
[    0.849941] Serial: 8250/16550 driver, 4 ports, IRQ sharing disabled
[    0.869582] printk: console [ttyS0] disabled
[    0.869994] 10000000.uart: ttyS0 at MMIO 0x10000000 (irq = 0, base_baud = 2604166) is a 16550A
[    0.870481] printk: console [ttyS0] enabled
[    0.870481] printk: console [ttyS0] enabled
[    0.870812] printk: bootconsole [uart8250] disabled
[    0.870812] printk: bootconsole [uart8250] disabled
cycles:             6477059
instret:            8388610 # 1.295126 IPC
mispredicts:        122865 # 14.646646 MPKI
branch mispredicts: 108606 # 8.712988%
branches:           1246484
frontend stalled:   4903181 # 18.925183%
backend stalled:    7100565 # 27.406594%
store stalled:      2257802 # 8.714611%
load stalled:       2773887 # 10.706584%
ROB stalled:        484161 # 1.868753%
  12370 # 10 ORD |   44334 # 36 BTK |   40408 # 33 BNT
    741 #  1 RET |   24417 # 20 IBR |     595 #  0 MEM
[    0.981895] loop: module loaded
[    0.985909] mousedev: PS/2 mouse device common for all mice
[    0.992108] riscv-pmu-sbi: SBI PMU extension is available
[    0.992592] riscv-pmu-sbi: 16 firmware and 2 hardware counters
[    0.992862] riscv-pmu-sbi: Perf sampling/filtering is not supported as sscof extension is not available
cycles:             5455170
instret:            8388608 # 1.537735 IPC
mispredicts:        70137 # 8.360982 MPKI
branch mispredicts: 56397 # 3.663992%
branches:           1539223
frontend stalled:   3162540 # 14.493316%
backend stalled:    5443857 # 24.948155%
store stalled:      1619586 # 7.422253%
load stalled:       1937669 # 8.879966%
ROB stalled:        1268369 # 5.812692%
  11207 # 16 ORD |   18769 # 27 BTK |   18876 # 27 BNT
    349 #  0 RET |   19923 # 28 IBR |    1013 #  1 MEM
cycles:             5188749
instret:            8388608 # 1.616692 IPC
mispredicts:        69362 # 8.268595 MPKI
branch mispredicts: 61849 # 3.112017%
branches:           1987425
frontend stalled:   2411976 # 11.621183%
backend stalled:    5136837 # 24.749882%
store stalled:      934730 # 4.503639%
load stalled:       1754304 # 8.452442%
ROB stalled:        2128518 # 10.255449%
   5711 #  8 ORD |   23881 # 34 BTK |   29245 # 42 BNT
    142 #  0 RET |   10066 # 15 IBR |     317 #  0 MEM
cycles:             5823213
instret:            8388610 # 1.440547 IPC
mispredicts:        131721 # 15.702363 MPKI
branch mispredicts: 124502 # 8.016540%
branches:           1553064
frontend stalled:   3612407 # 15.508650%
backend stalled:    6380166 # 27.391090%
store stalled:      1319618 # 5.665335%
load stalled:       2738289 # 11.755920%
ROB stalled:        853734 # 3.665219%
   5916 #  4 ORD |   56590 # 43 BTK |   62447 # 47 BNT
    188 #  0 RET |    6139 #  5 IBR |     441 #  0 MEM
cycles:             6273992
instret:            8388608 # 1.337045 IPC
mispredicts:        158521 # 18.897176 MPKI
branch mispredicts: 153060 # 9.412179%
branches:           1626191
frontend stalled:   4171470 # 16.622073%
backend stalled:    7024436 # 27.990297%
store stalled:      1239519 # 4.939116%
load stalled:       3168059 # 12.623777%
ROB stalled:        1103846 # 4.398499%
   4317 #  3 ORD |   64283 # 41 BTK |   84746 # 53 BNT
    229 #  0 RET |    4549 #  3 IBR |     397 #  0 MEM
cycles:             6495087
instret:            8388610 # 1.291532 IPC
mispredicts:        170843 # 20.366068 MPKI
branch mispredicts: 168380 # 9.794592%
branches:           1719112
frontend stalled:   4302899 # 16.562130%
backend stalled:    7212438 # 27.761129%
store stalled:      1309865 # 5.041753%
load stalled:       3453287 # 13.291920%
ROB stalled:        1313217 # 5.054655%
   1830 #  1 ORD |   71557 # 42 BTK |   95111 # 56 BNT
    167 #  0 RET |    2050 #  1 IBR |     128 #  0 MEM
cycles:             6739533
instret:            8388610 # 1.244687 IPC
mispredicts:        195028 # 23.249144 MPKI
branch mispredicts: 191742 # 11.491920%
branches:           1668494
frontend stalled:   5027081 # 18.647735%
backend stalled:    7613084 # 28.240399%
store stalled:      1499737 # 5.563208%
load stalled:       3327207 # 12.342127%
ROB stalled:        1102381 # 4.089234%
   2420 #  1 ORD |   85637 # 44 BTK |  103387 # 53 BNT
    187 #  0 RET |    3260 #  2 IBR |     137 #  0 MEM
cycles:             6409315
instret:            8388611 # 1.308816 IPC
mispredicts:        158743 # 18.923633 MPKI
branch mispredicts: 156500 # 8.993157%
branches:           1740212
frontend stalled:   3988353 # 15.556861%
backend stalled:    7091812 # 27.662129%
store stalled:      1235712 # 4.819985%
load stalled:       3543798 # 13.822842%
ROB stalled:        1388944 # 5.417677%
   1705 #  1 ORD |   67479 # 43 BTK |   87437 # 55 BNT
    128 #  0 RET |    1888 #  1 IBR |     106 #  0 MEM
cycles:             6476869
instret:            8388609 # 1.295164 IPC
mispredicts:        163408 # 19.479749 MPKI
branch mispredicts: 157173 # 10.257453%
branches:           1532281
frontend stalled:   4710912 # 18.183601%
backend stalled:    7056476 # 27.237219%
store stalled:      1675894 # 6.468766%
load stalled:       3142302 # 12.128939%
ROB stalled:        933252 # 3.602250%
   4985 #  3 ORD |   69308 # 42 BTK |   80695 # 49 BNT
    253 #  0 RET |    7903 #  5 IBR |     264 #  0 MEM
cycles:             6003500
instret:            8388610 # 1.397287 IPC
mispredicts:        150369 # 17.925377 MPKI
branch mispredicts: 147533 # 9.209887%
branches:           1601898
frontend stalled:   3849569 # 16.030520%
backend stalled:    6547426 # 27.265037%
store stalled:      1482987 # 6.175510%
load stalled:       2838776 # 11.821338%
ROB stalled:        906604 # 3.775314%
   2058 #  1 ORD |   68964 # 46 BTK |   76791 # 51 BNT
    133 #  0 RET |    2305 #  2 IBR |     118 #  0 MEM
cycles:             6428205
instret:            8388608 # 1.304969 IPC
mispredicts:        169901 # 20.253778 MPKI
branch mispredicts: 166304 # 10.154177%
branches:           1637789
frontend stalled:   4506111 # 17.524764%
backend stalled:    7185742 # 27.946145%
store stalled:      1411466 # 5.489347%
load stalled:       3176472 # 12.353651%
ROB stalled:        1044389 # 4.061744%
   2734 #  2 ORD |   73514 # 43 BTK |   89604 # 53 BNT
    160 #  0 RET |    3744 #  2 IBR |     145 #  0 MEM
cycles:             6876982
instret:            8388609 # 1.219810 IPC
mispredicts:        201084 # 23.971078 MPKI
branch mispredicts: 198586 # 11.591166%
branches:           1713253
frontend stalled:   5131524 # 18.654709%
backend stalled:    7804265 # 28.370966%
store stalled:      1306223 # 4.748533%
load stalled:       3611154 # 13.127684%
ROB stalled:        1266121 # 4.602749%
   1836 #  1 ORD |   82867 # 41 BTK |  114089 # 57 BNT
    131 #  0 RET |    2056 #  1 IBR |     105 #  0 MEM
cycles:             6435823
instret:            8388609 # 1.303424 IPC
mispredicts:        175716 # 20.946977 MPKI
branch mispredicts: 173092 # 10.419496%
branches:           1661232
frontend stalled:   4488813 # 17.436826%
backend stalled:    7152233 # 27.782900%
store stalled:      1379759 # 5.359684%
load stalled:       3230131 # 12.547467%
ROB stalled:        1103717 # 4.287396%
   1941 #  1 ORD |   75748 # 43 BTK |   95593 # 54 BNT
    139 #  0 RET |    2185 #  1 IBR |     110 #  0 MEM
cycles:             5675686
instret:            8388609 # 1.477990 IPC
mispredicts:        121671 # 14.504312 MPKI
branch mispredicts: 119123 # 7.283022%
branches:           1635626
frontend stalled:   3184419 # 14.026582%
backend stalled:    6118360 # 26.949870%
store stalled:      1402808 # 6.179024%
load stalled:       2666148 # 11.743726%
ROB stalled:        942372 # 4.150917%
   1992 #  2 ORD |   59076 # 49 BTK |   58190 # 48 BNT
    144 #  0 RET |    2142 #  2 IBR |     127 #  0 MEM
cycles:             5646396
instret:            8388611 # 1.485658 IPC
mispredicts:        116151 # 13.846273 MPKI
branch mispredicts: 113927 # 6.893937%
branches:           1652568
frontend stalled:   3032431 # 13.426401%
backend stalled:    6259287 # 27.713638%
store stalled:      1245751 # 5.515691%
load stalled:       2706251 # 11.982205%
ROB stalled:        953225 # 4.220502%
   1816 #  2 ORD |   56529 # 49 BTK |   55568 # 48 BNT
    134 #  0 RET |    1984 #  2 IBR |     120 #  0 MEM
cycles:             5857832
instret:            8388608 # 1.432033 IPC
mispredicts:        132824 # 15.833855 MPKI
branch mispredicts: 129972 # 7.965664%
branches:           1631653
frontend stalled:   3504814 # 14.957812%
backend stalled:    6463406 # 27.584463%
store stalled:      1346591 # 5.746968%
load stalled:       2774328 # 11.840251%
ROB stalled:        953553 # 4.069564%
   2258 #  2 ORD |   60765 # 46 BTK |   66740 # 50 BNT
    166 #  0 RET |    2769 #  2 IBR |     126 #  0 MEM
cycles:             6375864
instret:            8388610 # 1.315682 IPC
mispredicts:        160641 # 19.149895 MPKI
branch mispredicts: 156355 # 9.876053%
branches:           1583173
frontend stalled:   4359283 # 17.092911%
backend stalled:    6905245 # 27.075723%
store stalled:      1542489 # 6.048157%
load stalled:       3250669 # 12.745994%
ROB stalled:        1057130 # 4.145046%
   3397 #  2 ORD |   68132 # 42 BTK |   83794 # 52 BNT
    205 #  0 RET |    4958 #  3 IBR |     155 #  0 MEM
cycles:             5752767
instret:            8388610 # 1.458187 IPC
mispredicts:        128778 # 15.351530 MPKI
branch mispredicts: 126064 # 7.633848%
branches:           1651382
frontend stalled:   3317521 # 14.417067%
backend stalled:    6232861 # 27.086361%
store stalled:      1372242 # 5.963400%
load stalled:       2719229 # 11.817048%
ROB stalled:        980577 # 4.261328%
   1888 #  1 ORD |   59764 # 46 BTK |   64818 # 50 BNT
    119 #  0 RET |    2078 #  2 IBR |     111 #  0 MEM
cycles:             6360663
instret:            8388611 # 1.318827 IPC
mispredicts:        145549 # 17.350787 MPKI
branch mispredicts: 137618 # 9.681468%
branches:           1421458
frontend stalled:   4551730 # 17.890155%
backend stalled:    6969453 # 27.392793%
store stalled:      1754404 # 6.895523%
load stalled:       2971579 # 11.679518%
ROB stalled:        806845 # 3.171230%
   6727 #  5 ORD |   58298 # 40 BTK |   68295 # 47 BNT
    224 #  0 RET |   11610 #  8 IBR |     395 #  0 MEM
cycles:             6687231
instret:            8388608 # 1.254422 IPC
mispredicts:        178458 # 21.273851 MPKI
branch mispredicts: 176308 # 9.951430%
branches:           1771685
frontend stalled:   4502373 # 16.831978%
backend stalled:    7535811 # 28.172389%
store stalled:      1198836 # 4.481810%
load stalled:       3658860 # 13.678532%
ROB stalled:        1464404 # 5.474628%
   1650 #  1 ORD |   74278 # 42 BTK |  100444 # 56 BNT
    146 #  0 RET |    1850 #  1 IBR |      90 #  0 MEM
cycles:             6372182
instret:            8388608 # 1.316442 IPC
mispredicts:        170150 # 20.283461 MPKI
branch mispredicts: 166325 # 10.574195%
branches:           1572933
frontend stalled:   4477575 # 17.566883%
backend stalled:    7021569 # 27.547742%
store stalled:      1555969 # 6.104538%
load stalled:       3076507 # 12.070069%
ROB stalled:        968470 # 3.799601%
   2993 #  2 ORD |   74521 # 44 BTK |   87969 # 52 BNT
    160 #  0 RET |    4329 #  3 IBR |     178 #  0 MEM
cycles:             6536113
instret:            8388610 # 1.283425 IPC
mispredicts:        163862 # 19.533868 MPKI
branch mispredicts: 159976 # 9.671103%
branches:           1654165
frontend stalled:   4404038 # 16.845019%
backend stalled:    7279452 # 27.843200%
store stalled:      1314529 # 5.027946%
load stalled:       3483048 # 13.322322%
ROB stalled:        1274743 # 4.875769%
   3198 #  2 ORD |   66277 # 40 BTK |   89127 # 54 BNT
    143 #  0 RET |    4933 #  3 IBR |     184 #  0 MEM
cycles:             6749523
instret:            8388611 # 1.242845 IPC
mispredicts:        187335 # 22.332064 MPKI
branch mispredicts: 184947 # 10.594013%
branches:           1745769
frontend stalled:   4737541 # 17.547688%
backend stalled:    7631954 # 28.268494%
store stalled:      1239537 # 4.591202%
load stalled:       3634901 # 13.463548%
ROB stalled:        1365516 # 5.057824%
   1800 #  1 ORD |   79614 # 42 BTK |  103579 # 55 BNT
    158 #  0 RET |    2071 #  1 IBR |     113 #  0 MEM
cycles:             4113403
instret:            8388611 # 2.039336 IPC
mispredicts:        42195 # 5.030034 MPKI
branch mispredicts: 37694 # 3.795804%
branches:           993044
frontend stalled:   1317153 # 8.005251%
backend stalled:    2626854 # 15.965212%
store stalled:      2019241 # 12.272327%
load stalled:       1880017 # 11.426166%
ROB stalled:        221716 # 1.347522%
   4033 # 10 ORD |   16444 # 39 BTK |   17377 # 41 BNT
    160 #  0 RET |    3981 #  9 IBR |     200 #  0 MEM
cycles:             5472767
instret:            8388610 # 1.532791 IPC
mispredicts:        119216 # 14.211651 MPKI
branch mispredicts: 115002 # 8.513930%
branches:           1350751
frontend stalled:   3207387 # 14.651578%
backend stalled:    5306446 # 24.240234%
store stalled:      1732868 # 7.915868%
load stalled:       2590702 # 11.834516%
ROB stalled:        665029 # 3.037901%
   3434 #  3 ORD |   52129 # 44 BTK |   59035 # 50 BNT
    155 #  0 RET |    4253 #  4 IBR |     210 #  0 MEM
cycles:             6670016
instret:            8388609 # 1.257660 IPC
mispredicts:        181508 # 21.637437 MPKI
branch mispredicts: 178448 # 10.541768%
branches:           1692771
frontend stalled:   4652505 # 17.438133%
backend stalled:    7516097 # 28.171211%
store stalled:      1350195 # 5.060689%
load stalled:       3509018 # 13.152210%
ROB stalled:        1263608 # 4.736151%
   2372 #  1 ORD |   74323 # 41 BTK |  101366 # 56 BNT
    128 #  0 RET |    3152 #  2 IBR |     167 #  0 MEM
cycles:             6699653
instret:            8388610 # 1.252096 IPC
mispredicts:        179174 # 21.359200 MPKI
branch mispredicts: 177005 # 10.017629%
branches:           1766935
frontend stalled:   4532730 # 16.914048%
backend stalled:    7557012 # 28.199266%
store stalled:      1207559 # 4.506051%
load stalled:       3656299 # 13.643613%
ROB stalled:        1456370 # 5.434498%
   1648 #  1 ORD |   74387 # 42 BTK |  101033 # 56 BNT
    133 #  0 RET |    1865 #  1 IBR |     108 #  0 MEM
cycles:             6228985
instret:            8388609 # 1.346706 IPC
mispredicts:        159811 # 19.050954 MPKI
branch mispredicts: 155236 # 10.310697%
branches:           1505582
frontend stalled:   4321663 # 17.344973%
backend stalled:    6830576 # 27.414482%
store stalled:      1680006 # 6.742696%
load stalled:       2872907 # 11.530398%
ROB stalled:        822149 # 3.299691%
   3673 #  2 ORD |   70843 # 44 BTK |   79235 # 50 BNT
    145 #  0 RET |    5666 #  4 IBR |     249 #  0 MEM
cycles:             5741224
instret:            8388610 # 1.461119 IPC
mispredicts:        120679 # 14.386054 MPKI
branch mispredicts: 115842 # 8.005009%
branches:           1447119
frontend stalled:   3414941 # 14.870265%
backend stalled:    5960173 # 25.953407%
store stalled:      1672645 # 7.283486%
load stalled:       2725417 # 11.867752%
ROB stalled:        803082 # 3.496998%
   4076 #  3 ORD |   52366 # 43 BTK |   57559 # 48 BNT
    191 #  0 RET |    6213 #  5 IBR |     274 #  0 MEM
cycles:             6601699
instret:            8388608 # 1.270674 IPC
mispredicts:        185846 # 22.154570 MPKI
branch mispredicts: 183374 # 10.983064%
branches:           1669607
frontend stalled:   4674167 # 17.700621%
backend stalled:    7480630 # 28.328427%
store stalled:      1363511 # 5.163485%
load stalled:       3365104 # 12.743326%
ROB stalled:        1134744 # 4.297167%
   1830 #  1 ORD |   76865 # 41 BTK |  104824 # 56 BNT
    146 #  0 RET |    2054 #  1 IBR |     127 #  0 MEM
cycles:             5935401
instret:            8388608 # 1.413318 IPC
mispredicts:        144825 # 17.264485 MPKI
branch mispredicts: 142068 # 8.741065%
branches:           1625294
frontend stalled:   3688588 # 15.536389%
backend stalled:    6337490 # 26.693605%
store stalled:      1548946 # 6.524184%
load stalled:       2794093 # 11.768763%
ROB stalled:        983852 # 4.144000%
   2023 #  1 ORD |   65746 # 45 BTK |   74472 # 51 BNT
    175 #  0 RET |    2285 #  2 IBR |     124 #  0 MEM
[    5.423024] Freeing unused kernel image (initmem) memory: 10116K
[    5.423574] Run /init as init process
cycles:             5156827
instret:            8388611 # 1.626700 IPC
mispredicts:        54193 # 6.460307 MPKI
branch mispredicts: 40669 # 4.215903%
branches:           964657
frontend stalled:   2433054 # 11.795306%
backend stalled:    3944624 # 19.123310%
store stalled:      3666003 # 17.772571%
load stalled:       1757704 # 8.521248%
ROB stalled:        437254 # 2.119782%
  12074 # 22 ORD |   16263 # 30 BTK |   16150 # 30 BNT
    231 #  0 RET |    8733 # 16 IBR |     742 #  1 MEM
cycles:             7619680
instret:            8388611 # 1.100914 IPC
mispredicts:        118323 # 14.105196 MPKI
branch mispredicts: 86992 # 6.242609%
branches:           1393520
frontend stalled:   6249131 # 20.503259%
backend stalled:    8554633 # 28.067560%
store stalled:      2290774 # 7.515978%
load stalled:       4397831 # 14.429185%
ROB stalled:        597067 # 1.958963%
  23832 # 20 ORD |   37834 # 32 BTK |   33537 # 28 BNT
   1220 #  1 RET |   16620 # 14 IBR |    5280 #  4 MEM
cycles:             7390382
instret:            8388608 # 1.135071 IPC
mispredicts:        125129 # 14.916539 MPKI
branch mispredicts: 92626 # 6.723356%
branches:           1377675
frontend stalled:   5684854 # 19.230582%
backend stalled:    8350692 # 28.248513%
store stalled:      2297568 # 7.772156%
load stalled:       4267993 # 14.437660%
ROB stalled:        571122 # 1.931977%
  23821 # 19 ORD |   39901 # 32 BTK |   35242 # 28 BNT
   1140 #  1 RET |   18800 # 15 IBR |    6225 #  5 MEM
Starting syslogd: OK
cycles:             7493388
instret:            8388611 # 1.119468 IPC
mispredicts:        122158 # 14.562363 MPKI
branch mispredicts: 89965 # 6.492401%
branches:           1385697
frontend stalled:   5916879 # 19.740333%
backend stalled:    8476116 # 28.278650%
store stalled:      2280328 # 7.607800%
load stalled:       4320039 # 14.412836%
ROB stalled:        590888 # 1.971365%
  24055 # 20 ORD |   39040 # 32 BTK |   35172 # 29 BNT
   1340 #  1 RET |   16743 # 14 IBR |    5808 #  5 MEM
Starting klogd: OK
Running sysctl:cycles:             7642084
instret:            8388608 # 1.097686 IPC
mispredicts:        117638 # 14.023542 MPKI
branch mispredicts: 84381 # 6.110611%
branches:           1380893
frontend stalled:   6334193 # 20.721419%
backend stalled:    8995000 # 29.425874%
store stalled:      2289178 # 7.488723%
load stalled:       3947408 # 12.913389%
ROB stalled:        613106 # 2.005690%
  25519 # 22 ORD |   35618 # 30 BTK |   31763 # 27 BNT
   1372 #  1 RET |   18121 # 15 IBR |    5245 #  4 MEM
 OK
cycles:             7204422
instret:            8388611 # 1.164370 IPC
mispredicts:        112767 # 13.442869 MPKI
branch mispredicts: 79720 # 5.518681%
branches:           1444548
frontend stalled:   5337440 # 18.521403%
backend stalled:    8130415 # 28.213280%
store stalled:      2112592 # 7.330887%
load stalled:       4205171 # 14.592326%
ROB stalled:        642739 # 2.230363%
  24736 # 22 ORD |   34277 # 30 BTK |   31095 # 28 BNT
   1434 #  1 RET |   14881 # 13 IBR |    6344 #  6 MEM
Saving 256 bits of non-creditable seed for next boot

Welcome to SoomRV Buildroot
