❯ ./obj_dir/VTop --device-tree=test_programs/linux/device_tree.dtb test_programs/linux/linux_image.elf

OpenSBI v1.2
   ____                    _____ ____ _____
  / __ \                  / ____|  _ \_   _|
 | |  | |_ __   ___ _ __ | (___ | |_) || |
 | |  | | '_ \ / _ \ '_ \ \___ \|  _ < | |
 | |__| | |_) |  __/ | | |____) | |_) || |_
  \____/| .__/ \___|_| |_|_____/|___/_____|
        | |
        |_|

Platform Name             : platform-name
Platform Features         : medeleg
Platform HART Count       : 1
Platform IPI Device       : aclint-mswi
Platform Timer Device     : aclint-mtimer @ 1000000Hz
Platform Console Device   : uart8250
Platform HSM Device       : ---
Platform PMU Device       : ---
Platform Reboot Device    : ---
Platform Shutdown Device  : ---
Platform Suspend Device   : ---
Platform CPPC Device      : ---
Firmware Base             : 0x80000000
Firmware Size             : 192 KB
Firmware RW Offset        : 0x20000
Runtime SBI Version       : 1.0

Domain0 Name              : root
Domain0 Boot HART         : 0
Domain0 HARTs             : 0*
Domain0 Region00          : 0x11008000-0x1100bfff M: (I,R,W) S/U: ()
Domain0 Region01          : 0x11000000-0x11007fff M: (I,R,W) S/U: ()
Domain0 Region02          : 0x80020000-0x8002ffff M: (R,W) S/U: ()
Domain0 Region03          : 0x80000000-0x8001ffff M: (R,X) S/U: ()
Domain0 Region04          : 0x00000000-0xffffffff M: (R,W,X) S/U: (R,W,X)
Domain0 Next Address      : 0x80400000
Domain0 Next Arg1         : 0x82200000
Domain0 Next Mode         : S-mode
Domain0 SysReset          : yes
Domain0 SysSuspend        : yes

Boot HART ID              : 0
Boot HART Domain          : root
Boot HART Priv Version    : v1.12
Boot HART Base ISA        : rv32imacx
Boot HART ISA Extensions  : time
Boot HART PMP Count       : 0
Boot HART PMP Granularity : 0
Boot HART PMP Address Bits: 0
Boot HART MHPM Count      : 0
Boot HART MIDELEG         : 0x00000222
Boot HART MEDELEG         : 0x0000b109
[    0.000000] Linux version 6.19.5 (zoomin@clstilmldy) (riscv32-buildroot-linux-gnu-gcc.br_real (Buildroot -g5aa438e-dirty) 14.3.0, GNU ld (GNU Binutils) 2.44) #2 Fri Mar  6 23:00:43 CST 2026
[    0.000000] OF: fdt: Ignoring memory range 0x80000000 - 0x80400000
[    0.000000] Machine model: riscv-minimal
[    0.000000] SBI specification v1.0 detected
[    0.000000] SBI implementation ID=0x1 Version=0x10002
[    0.000000] SBI TIME extension detected
[    0.000000] SBI IPI extension detected
[    0.000000] SBI RFENCE extension detected
[    0.000000] earlycon: uart8250 at MMIO 0x10000000 (options '1000000')
[    0.000000] printk: legacy bootconsole [uart8250] enabled
[    0.000000] OF: reserved mem: Reserved memory: No reserved-memory node in the DT
[    0.000000] Zone ranges:
[    0.000000]   Normal   [mem 0x0000000080400000-0x000000008fffffff]
[    0.000000] Movable zone start for each node
[    0.000000] Early memory node ranges
[    0.000000]   node   0: [mem 0x0000000080400000-0x000000008fffffff]
[    0.000000] Initmem setup node 0 [mem 0x0000000080400000-0x000000008fffffff]
[    0.000000] On node 0, zone Normal: 1024 pages in unavailable ranges
[    0.000000] Falling back to deprecated "riscv,isa"
[    0.000000] riscv: base ISA extensions acim
[    0.000000] riscv: ELF capabilities acim
[    0.000000] Ticket spinlock: enabled
[    0.000000] Kernel command line: earlycon=uart8250,mmio,0x10000000,1000000 console=ttyS0
[    0.000000] printk: log buffer data + meta data: 131072 + 409600 = 540672 bytes
[    0.000000] Dentry cache hash table entries: 32768 (order: 5, 131072 bytes, linear)
[    0.000000] Inode-cache hash table entries: 16384 (order: 4, 65536 bytes, linear)
[    0.000000] Virtual kernel memory layout:
[    0.000000]       fixmap : 0x9c800000 - 0x9d000000   (8192 kB)
[    0.000000]       pci io : 0x9d000000 - 0x9e000000   (  16 MB)
[    0.000000]      vmemmap : 0x9e000000 - 0xa0000000   (  32 MB)
[    0.000000]      vmalloc : 0xa0000000 - 0xc0000000   ( 512 MB)
[    0.000000]       lowmem : 0xc0000000 - 0xcfc00000   ( 252 MB)
[    0.000000] Built 1 zonelists, mobility grouping on.  Total pages: 64512
[    0.000000] mem auto-init: stack:off, heap alloc:off, heap free:off
[    0.000000] SLUB: HWalign=64, Order=0-3, MinObjects=0, CPUs=1, Nodes=1
[    0.000000] RCU Tasks Trace: Setting shift to 0 and lim to 1 rcu_task_cb_adjust=1 rcu_task_cpu_ids=1.
[    0.000000] NR_IRQS: 64, nr_irqs: 64, preallocated irqs: 0
[    0.000000] riscv-intc: 32 local interrupts mapped
[    0.000000] clocksource: riscv_clocksource: mask: 0xffffffffffffffff max_cycles: 0x99c0f5e04, max_idle_ns: 440795204113 ns
[    0.000014] sched_clock: 64 bits at 42MHz, resolution 24ns, wraps every 4398046511097ns
[    0.002053] Console: colour dummy device 80x25
[    0.002787] Calibrating delay loop (skipped), value calculated using timer frequency.. 83.33 BogoMIPS (lpj=416666)
[    0.003265] pid_max: default: 32768 minimum: 301
[    0.007002] Mount-cache hash table entries: 1024 (order: 0, 4096 bytes, linear)
[    0.007417] Mountpoint-cache hash table entries: 1024 (order: 0, 4096 bytes, linear)
[    0.032237] ASID allocator disabled (0 bits)
[    0.036576] Memory: 224856K/258048K available (4276K kernel code, 7700K rwdata, 4096K rodata, 9313K init, 222K bss, 32580K reserved, 0K cma-reserved)
[    0.042604] devtmpfs: initialized
[    0.064601] clocksource: jiffies: mask: 0xffffffff max_cycles: 0xffffffff, max_idle_ns: 19112604462750000 ns
[    0.065209] posixtimers hash table entries: 512 (order: 2, 10240 bytes, linear)
[    0.065804] futex hash table entries: 256 (8192 bytes on 1 NUMA nodes, total 8 KiB, linear).
[    0.074134] cpuidle: using governor menu
[    0.203680] cpu0: Ratio of byte access time to unaligned word access is 0.00, unaligned accesses are slow
[    0.234848] HugeTLB: registered 4.00 MiB page size, pre-allocated 0 pages
[    0.235191] HugeTLB: 0 KiB vmemmap can be freed for a 4.00 MiB page
[    0.248252] SCSI subsystem initialized
[    0.251872] clocksource: Switched to clocksource riscv_clocksource
[    0.449619] workingset: timestamp_bits=14 max_order=16 bucket_order=2
[    0.468348] Block layer SCSI generic (bsg) driver version 0.4 loaded (major 253)
[    0.468706] io scheduler mq-deadline registered
[    0.468980] io scheduler kyber registered
[    0.469686] io scheduler bfq registered
[    2.530863] Serial: 8250/16550 driver, 4 ports, IRQ sharing disabled
[    2.587449] of_serial 10000000.uart: error -ENXIO: IRQ index 0 not found
[    2.594641] printk: legacy console [ttyS0] disabled
[    2.616193] 10000000.uart: ttyS0 at MMIO 0x10000000 (irq = 0, base_baud = 2604166) is a 16550A
[    2.617068] printk: legacy console [ttyS0] enabled
[    2.617068] printk: legacy console [ttyS0] enabled
[    2.617553] printk: legacy bootconsole [uart8250] disabled
[    2.617553] printk: legacy bootconsole [uart8250] disabled
[    2.828563] loop: module loaded
[    2.847617] mousedev: PS/2 mouse device common for all mice
[    2.873398] riscv-pmu-sbi: SBI PMU extension is available
[    2.873982] riscv-pmu-sbi: 16 firmware and 2 hardware counters
[    2.874325] riscv-pmu-sbi: Perf sampling/filtering is not supported as sscof extension is not available
[    3.591675] clk: Disabling unused clocks
[    6.584828] Freeing unused kernel image (initmem) memory: 9312K
[    6.585979] Run /init as init process
Saving 256 bits of non-creditable seed for next boot
Starting syslogd: OK
Starting klogd: OK
Running sysctl: OK
Starting network: /etc/init.d/S40network: line 12: /sbin/ifup: not found
FAIL
Starting crond: OK
crond[61]: c
Welcome to Buildroot
buildroot login:root



