❯ free -h
                总计        已用        空闲        共享   缓冲/缓存        可用
内存：          31Gi       8.1Gi        15Gi       487Mi       8.9Gi        23Gi
交换：          31Gi       2.6Gi        29Gi
❯ ./obj_dir/VTop --device-tree=test_programs/linux/device_tree.dtb test_programs/linux.bak/linux_image.elf

OpenSBI v1.2
   ____                    _____ ____ _____
  / __ \                  / ____|  _ \_   _|
 | |  | |_ __   ___ _ __ | (___ | |_) || |
 | |  | | '_ \ / _ \ '_ \ \___ \|  _ < | |
 | |__| | |_) |  __/ | | |____) | |_) || |_
  \____/| .__/ \___|_| |_|_____/|___/_____|
        | |
        |_|

Platform Name             : platform-name
Platform Features         : medeleg
Platform HART Count       : 1
Platform IPI Device       : aclint-mswi
Platform Timer Device     : aclint-mtimer @ 1000000Hz
Platform Console Device   : uart8250
Platform HSM Device       : ---
Platform PMU Device       : ---
Platform Reboot Device    : ---
Platform Shutdown Device  : ---
Platform Suspend Device   : ---
Platform CPPC Device      : ---
Firmware Base             : 0x80000000
Firmware Size             : 192 KB
Firmware RW Offset        : 0x20000
Runtime SBI Version       : 1.0

Domain0 Name              : root
Domain0 Boot HART         : 0
Domain0 HARTs             : 0*
Domain0 Region00          : 0x11008000-0x1100bfff M: (I,R,W) S/U: ()
Domain0 Region01          : 0x11000000-0x11007fff M: (I,R,W) S/U: ()
Domain0 Region02          : 0x80020000-0x8002ffff M: (R,W) S/U: ()
Domain0 Region03          : 0x80000000-0x8001ffff M: (R,X) S/U: ()
Domain0 Region04          : 0x00000000-0xffffffff M: (R,W,X) S/U: (R,W,X)
Domain0 Next Address      : 0x80400000
Domain0 Next Arg1         : 0x82200000
Domain0 Next Mode         : S-mode
Domain0 SysReset          : yes
Domain0 SysSuspend        : yes

Boot HART ID              : 0
Boot HART Domain          : root
Boot HART Priv Version    : v1.12
Boot HART Base ISA        : rv32imacx
Boot HART ISA Extensions  : time
Boot HART PMP Count       : 0
Boot HART PMP Granularity : 0
Boot HART PMP Address Bits: 0
Boot HART MHPM Count      : 0
Boot HART MIDELEG         : 0x00000222
Boot HART MEDELEG         : 0x0000b109
[    0.000000] Linux version 6.3.4 (m@m-desktop) (riscv32-buildroot-linux-gnu-gcc.br_real (Buildroot -gdaf764f-dirty) 11.3.0, GNU ld (GNU Binutils) 2.38) #4 Wed Nov 22 21:12:23 CET 2023
[    0.000000] OF: fdt: Ignoring memory range 0x80000000 - 0x80400000
[    0.000000] Machine model: riscv-minimal
[    0.000000] earlycon: uart8250 at MMIO 0x10000000 (options '1000000')
[    0.000000] printk: bootconsole [uart8250] enabled
[    0.000000] Zone ranges:
[    0.000000]   Normal   [mem 0x0000000080400000-0x000000008fffffff]
[    0.000000] Movable zone start for each node
[    0.000000] Early memory node ranges
[    0.000000]   node   0: [mem 0x0000000080400000-0x000000008fffffff]
[    0.000000] Initmem setup node 0 [mem 0x0000000080400000-0x000000008fffffff]
[    0.000000] On node 0, zone Normal: 1024 pages in unavailable ranges
[    0.000000] SBI specification v1.0 detected
[    0.000000] SBI implementation ID=0x1 Version=0x10002
[    0.000000] SBI TIME extension detected
[    0.000000] SBI IPI extension detected
[    0.000000] SBI RFENCE extension detected
[    0.000000] riscv: base ISA extensions acim
[    0.000000] riscv: ELF capabilities acim
[    0.000000] Built 1 zonelists, mobility grouping on.  Total pages: 63945
[    0.000000] Kernel command line: earlycon=uart8250,mmio,0x10000000,1000000 console=ttyS0
[    0.000000] Dentry cache hash table entries: 32768 (order: 5, 131072 bytes, linear)
[    0.000000] Inode-cache hash table entries: 16384 (order: 4, 65536 bytes, linear)
[    0.000000] mem auto-init: stack:off, heap alloc:off, heap free:off
[    0.000000] Virtual kernel memory layout:
[    0.000000]       fixmap : 0x9c800000 - 0x9d000000   (8192 kB)
[    0.000000]       pci io : 0x9d000000 - 0x9e000000   (  16 MB)
[    0.000000]      vmemmap : 0x9e000000 - 0xa0000000   (  32 MB)
[    0.000000]      vmalloc : 0xa0000000 - 0xc0000000   ( 512 MB)
[    0.000000]       lowmem : 0xc0000000 - 0xcfc00000   ( 252 MB)
[    0.000000] Memory: 230072K/258048K available (3530K kernel code, 6869K rwdata, 4096K rodata, 10116K init, 253K bss, 27976K reserved, 0K cma-reserved)
[    0.000000] SLUB: HWalign=64, Order=0-3, MinObjects=0, CPUs=1, Nodes=1
[    0.000000] NR_IRQS: 64, nr_irqs: 64, preallocated irqs: 0
[    0.000000] riscv-intc: 32 local interrupts mapped
[    0.000000] riscv-timer: riscv_timer_init_dt: Registering clocksource cpuid [0] hartid [0]
[    0.000000] clocksource: riscv_clocksource: mask: 0xffffffffffffffff max_cycles: 0x99c0f5e04, max_idle_ns: 440795204113 ns
[    0.000010] sched_clock: 64 bits at 42MHz, resolution 24ns, wraps every 4398046511097ns
[    0.001799] Console: colour dummy device 80x25
[    0.002255] Calibrating delay loop (skipped), value calculated using timer frequency.. 83.33 BogoMIPS (lpj=416666)
[    0.002597] pid_max: default: 32768 minimum: 301
[    0.003830] LSM: initializing lsm=capability,integrity
[    0.004754] Mount-cache hash table entries: 1024 (order: 0, 4096 bytes, linear)
[    0.005067] Mountpoint-cache hash table entries: 1024 (order: 0, 4096 bytes, linear)
[    0.017828] cblist_init_generic: Setting adjustable number of callback queues.
[    0.018073] cblist_init_generic: Setting shift to 0 and lim to 1.
[    0.019066] ASID allocator disabled (0 bits)
[    0.023146] devtmpfs: initialized
[    0.029563] clocksource: jiffies: mask: 0xffffffff max_cycles: 0xffffffff, max_idle_ns: 19112604462750000 ns
[    0.029927] futex hash table entries: 256 (order: 0, 7168 bytes, linear)
[    0.034213] cpuidle: using governor menu
[    0.047664] HugeTLB: registered 4.00 MiB page size, pre-allocated 0 pages
[    0.047908] HugeTLB: 0 KiB vmemmap can be freed for a 4.00 MiB page
[    0.055669] SCSI subsystem initialized
[    0.057421] clocksource: Switched to clocksource riscv_clocksource
[    0.151178] workingset: timestamp_bits=14 max_order=16 bucket_order=2
[    0.158694] Block layer SCSI generic (bsg) driver version 0.4 loaded (major 253)
[    0.158957] io scheduler mq-deadline registered
[    0.159142] io scheduler kyber registered
[    0.159703] io scheduler bfq registered
[    0.849941] Serial: 8250/16550 driver, 4 ports, IRQ sharing disabled
[    0.869582] printk: console [ttyS0] disabled
[    0.869994] 10000000.uart: ttyS0 at MMIO 0x10000000 (irq = 0, base_baud = 2604166) is a 16550A
[    0.870481] printk: console [ttyS0] enabled
[    0.870481] printk: console [ttyS0] enabled
[    0.870812] printk: bootconsole [uart8250] disabled
[    0.870812] printk: bootconsole [uart8250] disabled
[    0.981895] loop: module loaded
[    0.985909] mousedev: PS/2 mouse device common for all mice
[    0.992108] riscv-pmu-sbi: SBI PMU extension is available
[    0.992592] riscv-pmu-sbi: 16 firmware and 2 hardware counters
[    0.992862] riscv-pmu-sbi: Perf sampling/filtering is not supported as sscof extension is not available
[    5.423024] Freeing unused kernel image (initmem) memory: 10116K
[    5.423574] Run /init as init process
Starting syslogd: OK
Starting klogd: OK
Running sysctl: OK
Saving 256 bits of non-creditable seed for next boot

Welcome to SoomRV Buildroot
SoomRV login:root


root


login[52]: root login on 'console'

#
#ls

ls

Makefile       coremark.exe   hello_world.s
#
#
